// Jest Snapshot v1, https://goo.gl/fbAQLP

exports[`Review Card Component of Detail Screen should match the Review Card component snapshot 1`] = `
<View
  style={
    Array [
      Object {
        "alignItems": "center",
        "flexBasis": 0,
        "flexDirection": "row",
        "flexGrow": 1,
        "flexShrink": 1,
        "paddingRight": 12,
        "paddingVertical": 20,
      },
    ]
  }
>
  <View
    style={
      Array [
        Object {
          "alignSelf": "flex-start",
          "marginBottom": 8,
          "marginLeft": 8,
          "marginRight": 8,
          "marginTop": 8,
        },
      ]
    }
  >
    <View
      style={
        Array [
          Object {
            "overflow": "hidden",
          },
          Array [
            Object {
              "borderRadius": 100,
              "height": 80,
              "resizeMode": "cover",
              "width": 80,
            },
          ],
        ]
      }
    >
      <FastImageView
        resizeMode="contain"
        source={
          Object {
            "uri": "https://image.tmdb.org/t/p/w500//uCmwgSbJAcHqNwSvQvTv2dB95tx.jpg",
          }
        }
        style={
          Object {
            "bottom": 0,
            "left": 0,
            "position": "absolute",
            "right": 0,
            "top": 0,
          }
        }
      />
    </View>
  </View>
  <View
    style={
      Array [
        Object {
          "flexBasis": 0,
          "flexGrow": 1,
          "flexShrink": 1,
        },
      ]
    }
  >
    <View
      style={
        Array [
          Object {},
        ]
      }
    >
      <View
        style={
          Array [
            Object {
              "alignItems": "center",
              "flexDirection": "row",
              "justifyContent": "space-between",
            },
          ]
        }
      >
        <Text
          style={
            Array [
              Object {
                "fontWeight": "bold",
                "width": "75%",
              },
            ]
          }
          testID="reviewee_name"
        >
          A review by Cat
        </Text>
        <View
          style={
            Array [
              Object {
                "backgroundColor": "black",
                "borderRadius": 5,
                "opacity": 0.6,
                "paddingHorizontal": 18,
                "paddingVertical": 6,
              },
            ]
          }
        >
          <Text
            style={
              Object {
                "color": "white",
              }
            }
            testID="average-score"
          >
            8
          </Text>
        </View>
      </View>
      <Text
        style={
          Array [
            Object {
              "marginVertical": 5,
            },
          ]
        }
        testID="data"
      >
        Written on Tuesday, February 14, 2017
      </Text>
    </View>
    <Text
      style={
        Array [
          Object {},
        ]
      }
      testID="content"
    >
      As I'm writing this review
    </Text>
  </View>
</View>
`;
